
> naruto-collector@1.0.0 prebuild
> node scripts/generate-search-index.mjs

✅ Search index generated: 651 cards → public/search.json

> naruto-collector@1.0.0 build
> astro build

[2m22:20:07[22m [34m[content][39m Syncing content
